Microchip MPLAB XC8 Compiler V2.40

Linker command line:

-W-3 \
  --edf=C:/Users/ryom/.mchp_packs/Microchip/PIC18F-Q_DFP/1.17.379/xc8\pic\dat\20230323153512_en.msgs \
  -pivt0x8=08h -cn -h+dist/default/production\emuz80_4004.X.production.sym \
  --cmf=dist/default/production\emuz80_4004.X.production.cmf -z -Q18F47Q43 \
  -oC:\Users\ryom\AppData\Local\Temp\xcAs2kk.4 --defsym=__MPLAB_BUILD=1 \
  --fixupoverflow=error \
  -Mdist/default/production/emuz80_4004.X.production.map \
  --md=C:\Users\ryom\AppData\Local\Temp\xcAs2kk.dat -E1 -ver=XC8 Compiler \
  --acfsm=1493 -p_rom_text=10000h -ACODE=00h-01FFFFh -ACONST=00h-01FFFFh \
  -ASMALLCONST=02600h-026FFhx474 \
  -AMEDIUMCONST=02600h-0FFFFh,012600h-01FFFFh -ACOMRAM=0501h-055Fh \
  -AABS1=0500h-024FFh -ABIGRAM=0501h-024FFh \
  -ARAM=0560h-05FFh,0600h-06FFhx31 -ABANK5=0560h-05FFh -ABANK6=0600h-06FFh \
  -ABANK7=0700h-07FFh -ABANK8=0800h-08FFh -ABANK9=0900h-09FFh \
  -ABANK10=0A00h-0AFFh -ABANK11=0B00h-0BFFh -ABANK12=0C00h-0CFFh \
  -ABANK13=0D00h-0DFFh -ABANK14=0E00h-0EFFh -ABANK15=0F00h-0FFFh \
  -ABANK16=01000h-010FFh -ABANK17=01100h-011FFh -ABANK18=01200h-012FFh \
  -ABANK19=01300h-013FFh -ABANK20=01400h-014FFh -ABANK21=01500h-015FFh \
  -ABANK22=01600h-016FFh -ABANK23=01700h-017FFh -ABANK24=01800h-018FFh \
  -ABANK25=01900h-019FFh -ABANK26=01A00h-01AFFh -ABANK27=01B00h-01BFFh \
  -ABANK28=01C00h-01CFFh -ABANK29=01D00h-01DFFh -ABANK30=01E00h-01EFFh \
  -ABANK31=01F00h-01FFFh -ABANK32=02000h-020FFh -ABANK33=02100h-021FFh \
  -ABANK34=02200h-022FFh -ABANK35=02300h-023FFh -ABANK36=02400h-024FFh \
  -ASFR=00h-0FFhx4,0400h-045Fh,0460h-04FFh,02500h-025FFh \
  -ABIGSFR=00h-04FFh,02500h-025FFh -ACONFIG=0300000h-0300011h \
  -AIDLOC=0200000h-020003Fh -AEEDATA=0380000h-03803FFh -peeprom_data=EEDATA \
  -preset_vec=00h -ppowerup=CODE,init -pramtop=02600h \
  -psmallconst=SMALLCONST -pmediumconst=MEDIUMCONST -pconst=CONST \
  -AFARRAM=00h-00h \
  -prdata=COMRAM,nvrram=COMRAM,nvbit=COMRAM,rbss=COMRAM,rbit=COMRAM \
  -pfarbss=FARRAM,fardata=FARRAM,nvFARRAM=FARRAM \
  -pintsave_regs=BIGRAM,bigbss=BIGRAM,bigdata=BIGRAM -pbss=RAM \
  -pidata=CODE,irdata=CODE,ibigdata=CODE,ifardata=CODE -prparam=COMRAM \
  C:\Users\ryom\AppData\Local\Temp\xcAs2kk.o \
  dist/default/production\emuz80_4004.X.production.o 

Object code version is 3.11

Machine type is 18F47Q43



                Name                               Link     Load   Length Selector   Space Scale
C:\Users\ryom\AppData\Local\Temp\xcAs2kk.o
                idloc                            200000   200000       40        0       5
                config                           300000   300000        A        0       4
                init                              11000    11000        4     8000       0
                reset_vec                             0        0        4        0       0
dist/default/production\emuz80_4004.X.production.o
                idloc                            200000   200000       40        0       5
                config                           300000   300000        A        0       4
                mediumconst                        FFFE     FFFE        2     7FFF       0
                ivt0x8                                8        8       FA        4       0
                text14                            11388    11388        2     8000       0
                text13                            112D4    112D4       32     8000       0
                text12                            11174    11174       34     8000       0
                text11                            112A2    112A2       32     8000       0
                text10                            11270    11270       32     8000       0
                text9                             1123E    1123E       32     8000       0
                text8                             1120C    1120C       32     8000       0
                text7                             111DA    111DA       32     8000       0
                text6                             1113A    1113A       3A     8000       0
                text5                             11306    11306       26     8000       0
                text4                             1136C    1136C       1C     8000       0
                text3                             11004    11004       9C     8000       0
                text2                             1132C    1132C       24     8000       0
                text1                             111A8    111A8       32     8000       0
                text0                             110A0    110A0       9A     8000       0
                cstackCOMRAM                        505      505        1      501       1
                bssCOMRAM                           501      501        4      501       1
                cinit                             11350    11350       1C     8000       0
                _rom_text                         10000    10000     1000     8000       0

TOTAL           Name                               Link     Load   Length     Space
        CLASS   CODE           
                init                              11000    11000        4         0
                reset_vec                             0        0        4         0
                ivt0x8                                8        8       FA         0
                text14                            11388    11388        2         0
                text13                            112D4    112D4       32         0
                text12                            11174    11174       34         0
                text11                            112A2    112A2       32         0
                text10                            11270    11270       32         0
                text9                             1123E    1123E       32         0
                text8                             1120C    1120C       32         0
                text7                             111DA    111DA       32         0
                text6                             1113A    1113A       3A         0
                text5                             11306    11306       26         0
                text4                             1136C    1136C       1C         0
                text3                             11004    11004       9C         0
                text2                             1132C    1132C       24         0
                text1                             111A8    111A8       32         0
                text0                             110A0    110A0       9A         0
                cinit                             11350    11350       1C         0
                _rom_text                         10000    10000     1000         0

        CLASS   CONST          

        CLASS   SMALLCONST     

        CLASS   MEDIUMCONST    
                mediumconst                        FFFE     FFFE        2         0

        CLASS   COMRAM         
                cstackCOMRAM                        505      505        1         1
                bssCOMRAM                           501      501        4         1

        CLASS   ABS1           

        CLASS   BIGRAM         

        CLASS   RAM            

        CLASS   BANK5          

        CLASS   BANK6          

        CLASS   BANK7          

        CLASS   BANK8          

        CLASS   BANK9          

        CLASS   BANK10         

        CLASS   BANK11         

        CLASS   BANK12         

        CLASS   BANK13         

        CLASS   BANK14         

        CLASS   BANK15         

        CLASS   BANK16         

        CLASS   BANK17         

        CLASS   BANK18         

        CLASS   BANK19         

        CLASS   BANK20         

        CLASS   BANK21         

        CLASS   BANK22         

        CLASS   BANK23         

        CLASS   BANK24         

        CLASS   BANK25         

        CLASS   BANK26         

        CLASS   BANK27         

        CLASS   BANK28         

        CLASS   BANK29         

        CLASS   BANK30         

        CLASS   BANK31         

        CLASS   BANK32         

        CLASS   BANK33         

        CLASS   BANK34         

        CLASS   BANK35         

        CLASS   BANK36         

        CLASS   SFR            

        CLASS   BIGSFR         

        CLASS   CONFIG         
                config                           300000   300000        A         4

        CLASS   IDLOC          
                idloc                            200000   200000       40         5

        CLASS   EEDATA         

        CLASS   FARRAM         

        CLASS   HEAP           

        CLASS   STACK          



SEGMENTS        Name                           Load    Length   Top    Selector   Space  Class

                reset_vec                      000000  000004  000004         0       0  CODE    
                ivt0x8                         000008  0000FA  000102         4       0  CODE    
                bssCOMRAM                      000501  000005  000506       501       1  COMRAM  
                mediumconst                    00FFFE  000002  010000      7FFF       0  MEDIUMCO
                _rom_text                      010000  00138A  01138A      8000       0  CODE    


UNUSED ADDRESS RANGES

        Name                Unused          Largest block    Delta
        BANK10           000A00-000AFF              100
        BANK11           000B00-000BFF              100
        BANK12           000C00-000CFF              100
        BANK13           000D00-000DFF              100
        BANK14           000E00-000EFF              100
        BANK15           000F00-000FFF              100
        BANK16           001000-0010FF              100
        BANK17           001100-0011FF              100
        BANK18           001200-0012FF              100
        BANK19           001300-0013FF              100
        BANK20           001400-0014FF              100
        BANK21           001500-0015FF              100
        BANK22           001600-0016FF              100
        BANK23           001700-0017FF              100
        BANK24           001800-0018FF              100
        BANK25           001900-0019FF              100
        BANK26           001A00-001AFF              100
        BANK27           001B00-001BFF              100
        BANK28           001C00-001CFF              100
        BANK29           001D00-001DFF              100
        BANK30           001E00-001EFF              100
        BANK31           001F00-001FFF              100
        BANK32           002000-0020FF              100
        BANK33           002100-0021FF              100
        BANK34           002200-0022FF              100
        BANK35           002300-0023FF              100
        BANK36           002400-0024FF              100
        BANK5            000560-0005FF               A0
        BANK6            000600-0006FF              100
        BANK7            000700-0007FF              100
        BANK8            000800-0008FF              100
        BANK9            000900-0009FF              100
        BIGRAM           000506-0024FF             1FFA
        BIGSFR           000000-0004FF              500
                         002500-0025FF              100
        CODE             000004-000007                4
                         000102-00FFFD             FEFC
                         01138A-01FFFF             EC76
        COMRAM           000506-00055F               5A
        CONFIG           30000A-300011                8
        CONST            000004-000007                4
                         000102-00FFFD             FEFC
                         01138A-01FFFF             EC76
        EEDATA           380000-3803FF              400
        MEDIUMCONST      002600-00FFFD             D9FE
                         012600-01FFFF             DA00
        RAM              000560-0024FF              100
        SFR              000000-0004FF              100
                         002500-0025FF              100
        SMALLCONST       002600-00FFFD              100
                         01138A-01FFFF              100

                                  Symbol Table

INTERRUPT_Initialize@state      cstackCOMRAM 000505
IVTBASEH                        (abs)        00045E
IVTBASEL                        (abs)        00045D
IVTBASEU                        (abs)        00045F
_ACTCON                         (abs)        0000AC
_ANSELA                         (abs)        000400
_ANSELB                         (abs)        000408
_ANSELC                         (abs)        000410
_ANSELD                         (abs)        000418
_ANSELE                         (abs)        000420
_CLC1_Initialize                text13       0112D4
_CLC2_Initialize                text12       011174
_CLC3_Initialize                text11       0112A2
_CLC4_Initialize                text10       011270
_CLC5_Initialize                text9        01123E
_CLC7_Initialize                text8        01120C
_CLC8_Initialize                text7        0111DA
_CLCDATA                        (abs)        0000D4
_CLCSELECT                      (abs)        0000D5
_CLCnCON                        (abs)        0000D6
_CLCnGLS0                       (abs)        0000DC
_CLCnGLS1                       (abs)        0000DD
_CLCnGLS2                       (abs)        0000DE
_CLCnGLS3                       (abs)        0000DF
_CLCnPOL                        (abs)        0000D7
_CLCnSEL0                       (abs)        0000D8
_CLCnSEL1                       (abs)        0000D9
_CLCnSEL2                       (abs)        0000DA
_CLCnSEL3                       (abs)        0000DB
_Default_ISR                    text14       011388
_GIE                            (abs)        0026B7
_INLVLA                         (abs)        000404
_INLVLB                         (abs)        00040C
_INLVLC                         (abs)        000414
_INLVLD                         (abs)        00041C
_INLVLE                         (abs)        000424
_INTCON0bits                    (abs)        0004D6
_INTERRUPT_Initialize           text6        01113A
_IVTBASEH                       (abs)        00045E
_IVTBASEL                       (abs)        00045D
_IVTBASEU                       (abs)        00045F
_IVTLOCK                        (abs)        000459
_IVTLOCKbits                    (abs)        000459
_LATA                           (abs)        0004BE
_LATAbits                       (abs)        0004BE
_LATB                           (abs)        0004BF
_LATC                           (abs)        0004C0
_LATCbits                       (abs)        0004C0
_LATD                           (abs)        0004C1
_LATE                           (abs)        0004C2
_NCO1ACCH                       (abs)        000441
_NCO1ACCL                       (abs)        000440
_NCO1ACCU                       (abs)        000442
_NCO1CLK                        (abs)        000447
_NCO1CON                        (abs)        000446
_NCO1CONbits                    (abs)        000446
_NCO1INCH                       (abs)        000444
_NCO1INCL                       (abs)        000443
_NCO1INCU                       (abs)        000445
_NCO1_Initialize                text5        011306
_ODCONA                         (abs)        000402
_ODCONB                         (abs)        00040A
_ODCONC                         (abs)        000412
_ODCOND                         (abs)        00041A
_ODCONE                         (abs)        000422
_OSCCON1                        (abs)        0000AD
_OSCCON3                        (abs)        0000AF
_OSCEN                          (abs)        0000B3
_OSCFRQ                         (abs)        0000B1
_OSCILLATOR_Initialize          text4        01136C
_OSCTUNE                        (abs)        0000B0
_PIN_MANAGER_Initialize         text3        011004
_PMD0                           (abs)        000060
_PMD1                           (abs)        000061
_PMD3                           (abs)        000063
_PMD4                           (abs)        000064
_PMD5                           (abs)        000065
_PMD6                           (abs)        000066
_PMD7                           (abs)        000067
_PMD8                           (abs)        000068
_PMD_Initialize                 text2        01132C
_PORTB                          (abs)        0004CF
_PORTDbits                      (abs)        0004D1
_RB1I2C                         (abs)        000289
_RB2I2C                         (abs)        000288
_RC3I2C                         (abs)        000287
_RC4I2C                         (abs)        000286
_RD2PPS                         (abs)        00021B
_RD3PPS                         (abs)        00021C
_SLRCONA                        (abs)        000403
_SLRCONB                        (abs)        00040B
_SLRCONC                        (abs)        000413
_SLRCOND                        (abs)        00041B
_SLRCONE                        (abs)        000423
_SYSTEM_Initialize              text1        0111A8
_TBLPTRU                        (abs)        0004F8
_TRISA                          (abs)        0004C6
_TRISB                          (abs)        0004C7
_TRISC                          (abs)        0004C8
_TRISD                          (abs)        0004C9
_TRISE                          (abs)        0004CA
_WPUA                           (abs)        000401
_WPUB                           (abs)        000409
_WPUC                           (abs)        000411
_WPUD                           (abs)        000419
_WPUE                           (abs)        000421
__HRAM                          (abs)        000000
__H_rom_text                    _rom_text    011000
__Habs1                         abs1         000000
__Hbank10                       bank10       000000
__Hbank11                       bank11       000000
__Hbank12                       bank12       000000
__Hbank13                       bank13       000000
__Hbank14                       bank14       000000
__Hbank15                       bank15       000000
__Hbank16                       bank16       000000
__Hbank17                       bank17       000000
__Hbank18                       bank18       000000
__Hbank19                       bank19       000000
__Hbank20                       bank20       000000
__Hbank21                       bank21       000000
__Hbank22                       bank22       000000
__Hbank23                       bank23       000000
__Hbank24                       bank24       000000
__Hbank25                       bank25       000000
__Hbank26                       bank26       000000
__Hbank27                       bank27       000000
__Hbank28                       bank28       000000
__Hbank29                       bank29       000000
__Hbank30                       bank30       000000
__Hbank31                       bank31       000000
__Hbank32                       bank32       000000
__Hbank33                       bank33       000000
__Hbank34                       bank34       000000
__Hbank35                       bank35       000000
__Hbank36                       bank36       000000
__Hbank5                        bank5        000000
__Hbank6                        bank6        000000
__Hbank7                        bank7        000000
__Hbank8                        bank8        000000
__Hbank9                        bank9        000000
__Hbigbss                       bigbss       000000
__Hbigdata                      bigdata      000000
__Hbigram                       bigram       000000
__Hbigsfr                       bigsfr       000000
__Hbss                          bss          000000
__HbssCOMRAM                    bssCOMRAM    000000
__Hcinit                        cinit        000000
__Hclrtext                      clrtext      000000
__Hcomram                       comram       000000
__Hconfig                       config       30000A
__Hconst                        const        000000
__HcstackCOMRAM                 cstackCOMRAM 000000
__Hdata                         data         000000
__Heeprom_data                  eeprom_data  000000
__Hfarbss                       farbss       000000
__Hfardata                      fardata      000000
__Hheap                         heap         000000
__Hibigdata                     ibigdata     000000
__Hidata                        idata        000000
__Hidloc                        idloc        200040
__Hifardata                     ifardata     000000
__Hinit                         init         011004
__Hintsave_regs                 intsave_regs 000000
__Hirdata                       irdata       000000
__Hivt0x8                       ivt0x8       000102
__Hmediumconst                  mediumconst  010000
__HnvFARRAM                     nvFARRAM     000000
__Hnvbit                        nvbit        000000
__Hnvrram                       nvrram       000000
__Hparam                        rparam       000000
__Hpowerup                      powerup      000000
__Hram                          ram          000000
__Hramtop                       ramtop       002600
__Hrbit                         rbit         000000
__Hrbss                         rbss         000000
__Hrdata                        rdata        000000
__Hreset_vec                    reset_vec    000004
__Hrparam                       rparam       000000
__Hsfr                          sfr          000000
__Hsmallconst                   smallconst   000000
__Hspace_0                      (abs)        01138A
__Hspace_1                      (abs)        000506
__Hspace_2                      (abs)        000000
__Hspace_4                      (abs)        60000A
__Hstack                        stack        000000
__Hstruct                       struct       000000
__Htemp                         temp         000000
__Htext                         text         000000
__Htext0                        text0        000000
__Htext1                        text1        000000
__Htext10                       text10       000000
__Htext11                       text11       000000
__Htext12                       text12       000000
__Htext13                       text13       000000
__Htext14                       text14       000000
__Htext2                        text2        000000
__Htext3                        text3        000000
__Htext4                        text4        000000
__Htext5                        text5        000000
__Htext6                        text6        000000
__Htext7                        text7        000000
__Htext8                        text8        000000
__Htext9                        text9        000000
__LRAM                          (abs)        000001
__L_rom_text                    _rom_text    010000
__Labs1                         abs1         000000
__Lbank10                       bank10       000000
__Lbank11                       bank11       000000
__Lbank12                       bank12       000000
__Lbank13                       bank13       000000
__Lbank14                       bank14       000000
__Lbank15                       bank15       000000
__Lbank16                       bank16       000000
__Lbank17                       bank17       000000
__Lbank18                       bank18       000000
__Lbank19                       bank19       000000
__Lbank20                       bank20       000000
__Lbank21                       bank21       000000
__Lbank22                       bank22       000000
__Lbank23                       bank23       000000
__Lbank24                       bank24       000000
__Lbank25                       bank25       000000
__Lbank26                       bank26       000000
__Lbank27                       bank27       000000
__Lbank28                       bank28       000000
__Lbank29                       bank29       000000
__Lbank30                       bank30       000000
__Lbank31                       bank31       000000
__Lbank32                       bank32       000000
__Lbank33                       bank33       000000
__Lbank34                       bank34       000000
__Lbank35                       bank35       000000
__Lbank36                       bank36       000000
__Lbank5                        bank5        000000
__Lbank6                        bank6        000000
__Lbank7                        bank7        000000
__Lbank8                        bank8        000000
__Lbank9                        bank9        000000
__Lbigbss                       bigbss       000000
__Lbigdata                      bigdata      000000
__Lbigram                       bigram       000000
__Lbigsfr                       bigsfr       000000
__Lbss                          bss          000000
__LbssCOMRAM                    bssCOMRAM    000000
__Lcinit                        cinit        000000
__Lclrtext                      clrtext      000000
__Lcomram                       comram       000000
__Lconfig                       config       000000
__Lconst                        const        000000
__LcstackCOMRAM                 cstackCOMRAM 000000
__Ldata                         data         000000
__Leeprom_data                  eeprom_data  000000
__Lfarbss                       farbss       000000
__Lfardata                      fardata      000000
__Lheap                         heap         000000
__Libigdata                     ibigdata     000000
__Lidata                        idata        000000
__Lidloc                        idloc        000000
__Lifardata                     ifardata     000000
__Linit                         init         011000
__Lintsave_regs                 intsave_regs 000000
__Lirdata                       irdata       000000
__Livt0x8                       ivt0x8       000008
__Lmediumconst                  mediumconst  00FFFE
__LnvFARRAM                     nvFARRAM     000000
__Lnvbit                        nvbit        000000
__Lnvrram                       nvrram       000000
__Lparam                        rparam       000000
__Lpowerup                      powerup      000000
__Lram                          ram          000000
__Lramtop                       ramtop       002600
__Lrbit                         rbit         000000
__Lrbss                         rbss         000000
__Lrdata                        rdata        000000
__Lreset_vec                    reset_vec    000000
__Lrparam                       rparam       000000
__Lsfr                          sfr          000000
__Lsmallconst                   smallconst   000000
__Lspace_0                      (abs)        000000
__Lspace_1                      (abs)        000000
__Lspace_2                      (abs)        000000
__Lspace_4                      (abs)        000000
__Lstack                        stack        000000
__Lstruct                       struct       000000
__Ltemp                         temp         000000
__Ltext                         text         000000
__Ltext0                        text0        000000
__Ltext1                        text1        000000
__Ltext10                       text10       000000
__Ltext11                       text11       000000
__Ltext12                       text12       000000
__Ltext13                       text13       000000
__Ltext14                       text14       000000
__Ltext2                        text2        000000
__Ltext3                        text3        000000
__Ltext4                        text4        000000
__Ltext5                        text5        000000
__Ltext6                        text6        000000
__Ltext7                        text7        000000
__Ltext8                        text8        000000
__Ltext9                        text9        000000
__S0                            (abs)        01138A
__S1                            (abs)        000506
__S4                            (abs)        000000
__S5                            (abs)        000000
___heap_hi                      (abs)        000000
___heap_lo                      (abs)        000000
___inthi_sp                     stack        000000
___intlo_sp                     stack        000000
___param_bank                   (abs)        000000
___rparam_used                  (abs)        000001
___sp                           stack        000000
__accesstop                     (abs)        000560
__activetblptr                  (abs)        000003
__end_of_CLC1_Initialize        text13       011306
__end_of_CLC2_Initialize        text12       0111A8
__end_of_CLC3_Initialize        text11       0112D4
__end_of_CLC4_Initialize        text10       0112A2
__end_of_CLC5_Initialize        text9        011270
__end_of_CLC7_Initialize        text8        01123E
__end_of_CLC8_Initialize        text7        01120C
__end_of_Default_ISR            text14       01138A
__end_of_INTERRUPT_Initialize   text6        011174
__end_of_NCO1_Initialize        text5        01132C
__end_of_OSCILLATOR_Initialize  text4        011388
__end_of_PIN_MANAGER_Initialize text3        0110A0
__end_of_PMD_Initialize         text2        011350
__end_of_SYSTEM_Initialize      text1        0111DA
__end_of__initialization        cinit        011366
__end_of_main                   text0        01113A
__end_of_rom                    _rom_text    011000
__initialization                cinit        011350
__mediumconst                   mediumconst  00FFFE
__p_rom_text                    _rom_text    010000
__pbssCOMRAM                    bssCOMRAM    000501
__pcinit                        cinit        011350
__pcstackCOMRAM                 cstackCOMRAM 000505
__pivt0x8                       ivt0x8       000008
__pmediumconst                  mediumconst  00FFFE
__ptext0                        text0        0110A0
__ptext1                        text1        0111A8
__ptext10                       text10       011270
__ptext11                       text11       0112A2
__ptext12                       text12       011174
__ptext13                       text13       0112D4
__ptext14                       text14       011388
__ptext2                        text2        01132C
__ptext3                        text3        011004
__ptext4                        text4        01136C
__ptext5                        text5        011306
__ptext6                        text6        01113A
__ptext7                        text7        0111DA
__ptext8                        text8        01120C
__ptext9                        text9        01123E
__ramtop                        ramtop       002600
__smallconst                    smallconst   000000
_address_l                      bssCOMRAM    000501
_cmrom                          bssCOMRAM    000504
_main                           text0        0110A0
_opa                            bssCOMRAM    000502
_opr                            bssCOMRAM    000503
_rom                            _rom_text    010000
_rom_absaddr                    (abs)        010000
end_of_initialization           cinit        011366
intlevel0                       text         000000
intlevel1                       text         000000
intlevel2                       text         000000
intlevel3                       text         000000
isa$std                         (abs)        000001
isa$xinst                       (abs)        000000
ivt0x8_base                     ivt0x8       000008
ivt0x8_undefint                 ivt0x8       000100
stackhi                         (abs)        000000
stacklo                         (abs)        000000
start                           init         011000
start_initialization            cinit        011350


MODULE INFORMATION

Module		Function		Class		Link	Load	Size
mcc_generated_files/interrupt_manager.c
		_INTERRUPT_Initialize		CODE           	1113A	0000	58
		_Default_ISR   		CODE           	11388	0000	2

mcc_generated_files/interrupt_manager.c estimated size: 60

mcc_generated_files/clc8.c
		_CLC8_Initialize		CODE           	111DA	0000	50

mcc_generated_files/clc8.c estimated size: 50

mcc_generated_files/pin_manager.c
		_PIN_MANAGER_Initialize		CODE           	11004	0000	156

mcc_generated_files/pin_manager.c estimated size: 156

mcc_generated_files/nco1.c
		_NCO1_Initialize		CODE           	11306	0000	38

mcc_generated_files/nco1.c estimated size: 38

mcc_generated_files/clc4.c
		_CLC4_Initialize		CODE           	11270	0000	50

mcc_generated_files/clc4.c estimated size: 50

mcc_generated_files/clc2.c
		_CLC2_Initialize		CODE           	11174	0000	52

mcc_generated_files/clc2.c estimated size: 52

shared
		_rom           		CODE           	10000	0000	4096
		__initialization		CODE           	11350	0000	22

shared estimated size: 4118

mcc_generated_files/mcc.c
		_PMD_Initialize		CODE           	1132C	0000	36
		_OSCILLATOR_Initialize		CODE           	1136C	0000	28
		_SYSTEM_Initialize		CODE           	111A8	0000	50

mcc_generated_files/mcc.c estimated size: 114

mcc_generated_files/clc7.c
		_CLC7_Initialize		CODE           	1120C	0000	50

mcc_generated_files/clc7.c estimated size: 50

mcc_generated_files/clc5.c
		_CLC5_Initialize		CODE           	1123E	0000	50

mcc_generated_files/clc5.c estimated size: 50

main.c
		_main          		CODE           	110A0	0000	154

main.c estimated size: 154

mcc_generated_files/clc3.c
		_CLC3_Initialize		CODE           	112A2	0000	50

mcc_generated_files/clc3.c estimated size: 50

mcc_generated_files/clc1.c
		_CLC1_Initialize		CODE           	112D4	0000	50

mcc_generated_files/clc1.c estimated size: 50

